Microchip MPLAB XC8 Compiler V1.31 ()

Linker command line:

--edf=/Applications/microchip/xc8/v1.31/dat/en_msgs.txt -cs \
  -h+dist/Simulator/production/SPI_Relais_Driver.X.production.sym \
  --cmf=dist/Simulator/production/SPI_Relais_Driver.X.production.cmf -z \
  -Q16F690 -o/tmp/cgtlwGT0t \
  -Mdist/Simulator/production/SPI_Relais_Driver.X.production.map -E1 \
  -ver=XC8 -ASTACK=0A0h-0efh -pstack=STACK -ACONST=00h-0FFhx16 \
  -ACODE=00h-07FFhx2 -ASTRCODE=00h-0FFFh -AENTRY=00h-0FFhx16 \
  -ASTRING=00h-0FFhx16 -ACOMMON=070h-07Fh -ABANK0=020h-06Fh \
  -ABANK1=0A0h-0EFh -ABANK2=0120h-016Fh \
  -ARAM=020h-06Fh,0A0h-0EFh,0120h-016Fh \
  -AABS1=020h-07Fh,0A0h-0EFh,0120h-016Fh -ASFR0=00h-01Fh -ASFR1=080h-09Fh \
  -ASFR2=0100h-011Fh -ASFR3=0180h-01EFh \
  -preset_vec=00h,intentry=04h,init,end_init -ppowerup=CODE -pcinit=CODE \
  -pfunctab=CODE -ACONFIG=02007h-02007h -pconfig=CONFIG -DCONFIG=2 \
  -AIDLOC=02000h-02003h -pidloc=IDLOC -DIDLOC=2 -AEEDATA=00h-0FFh/02100h \
  -peeprom_data=EEDATA -DEEDATA=2 -DCODE=2 -DSTRCODE=2 -DSTRING=2 -DCONST=2 \
  -DENTRY=2 -k /tmp/cgtckXac8.obj \
  dist/Simulator/production/SPI_Relais_Driver.X.production.obj 

Object code version is 3.11

Machine type is 16F690



                Name                               Link     Load   Length Selector   Space Scale
/tmp/cgtckXac8.obj
                end_init                             11       11        2        8       0
                reset_vec                             0        0        2        0       0
                config                             2007     2007        1     400E       0
dist/Simulator/production/SPI_Relais_Driver.X.production.obj
                cinit                                13       13        3        8       0
                intentry                              4        4        D        8       0
                text7                               117      117       28        8       0
                text6                                83       83       35        8       0
                text5                               13F      13F       13        8       0
                text4                                EB       EB       2C        8       0
                text3                                4E       4E       35        8       0
                text2                               152      152        B        8       0
                text1                                B8       B8       33        8       0
                maintext                             16       16       38        8       0
                cstackBANK0                          20       20        E       20       1
                cstackCOMMON                         70       70        A       70       1

TOTAL           Name                               Link     Load   Length     Space
        CLASS   STACK          

        CLASS   CONST          

        CLASS   CODE           
                end_init                             11       11        2         0
                cinit                                13       13        3         0
                intentry                              4        4        D         0
                reset_vec                             0        0        2         0
                text7                               117      117       28         0
                text6                                83       83       35         0
                text5                               13F      13F       13         0
                text4                                EB       EB       2C         0
                text3                                4E       4E       35         0
                text2                               152      152        B         0
                text1                                B8       B8       33         0
                maintext                             16       16       38         0

        CLASS   STRCODE        

        CLASS   ENTRY          

        CLASS   STRING         

        CLASS   COMMON         
                cstackCOMMON                         70       70        A         1

        CLASS   BANK0          
                cstackBANK0                          20       20        E         1

        CLASS   BANK1          

        CLASS   BANK2          

        CLASS   RAM            

        CLASS   ABS1           
                abs_s1                               7E       7E        2         1

        CLASS   SFR0           

        CLASS   SFR1           

        CLASS   SFR2           

        CLASS   SFR3           

        CLASS   CONFIG         
                config                             2007     2007        1         0

        CLASS   IDLOC          

        CLASS   EEDATA         

        CLASS   BANK3          



SEGMENTS        Name                           Load    Length   Top    Selector   Space  Class     Delta

                reset_vec                      000000  000002  000002         0       0  CODE        2
                intentry                       000004  000159  00015D         8       0  CODE        2
                cstackBANK0                    000020  00000E  00002E        20       1  BANK0       1
                cstackCOMMON                   000070  00000A  00007A        70       1  COMMON      1
                config                         002007  000001  002008      400E       0  CONFIG      2


UNUSED ADDRESS RANGES

        Name                Unused          Largest block    Delta
        BANK0            002E-006F             42           1
        BANK1            00A0-00EF             50           1
        BANK2            0120-016F             50           1
        CODE             0002-0003              2           2
                         015D-0FFF            6A3
        COMMON           007A-007D              4           1
        CONST            0002-0003              2           2
                         015D-0FFF            100
        EEDATA           2100-21FF            100           2
        ENTRY            0002-0003              2           2
                         015D-0FFF            100
        IDLOC            2000-2003              4           2
        RAM              002E-006F             42           1
                         00A0-00EF             50
                         0120-016F             50
        SFR0             0000-001F             20           1
        SFR1             0080-009F             20           1
        SFR2             0100-011F             20           1
        SFR3             0180-01EF             70           1
        STACK            00A0-00EF             50           1
        STRCODE          0002-0003              2           2
                         015D-0FFF            EA3
        STRING           0002-0003              2           2
                         015D-0FFF            100

                                  Symbol Table

_ANSEL                       (abs)        011E
_ANSELH                      (abs)        011F
_IOCA2                       (abs)        04B2
_ISR                         text5        013F
_RABIF                       (abs)        0058
_RC1                         (abs)        0039
_RC2                         (abs)        003A
_SSPBUF                      (abs)        0013
_SSPCON                      (abs)        0014
_SSPEN                       (abs)        00A5
_SSPSTAT                     (abs)        0094
_SSPSTATbits                 (abs)        0094
_T2CON                       (abs)        0012
_TRISA                       (abs)        0085
_TRISAbits                   (abs)        0085
_TRISB                       (abs)        0086
_TRISBbits                   (abs)        0086
_TRISC                       (abs)        0087
_TRISCbits                   (abs)        0087
__CFG_BOREN$ON               (abs)        0000
__CFG_CP$OFF                 (abs)        0000
__CFG_CPD$OFF                (abs)        0000
__CFG_FCMEN$ON               (abs)        0000
__CFG_FOSC$EXTRCCLK          (abs)        0000
__CFG_IESO$ON                (abs)        0000
__CFG_MCLRE$ON               (abs)        0000
__CFG_PWRTE$OFF              (abs)        0000
__CFG_WDTE$OFF               (abs)        0000
__Habs1                      abs1         0000
__Hbank0                     bank0        0000
__Hbank1                     bank1        0000
__Hbank2                     bank2        0000
__Hbank3                     bank3        0000
__Hcinit                     cinit        0016
__Hclrtext                   clrtext      0000
__Hcode                      code         0000
__Hcommon                    common       0000
__Hconfig                    config       2008
__HcstackBANK0               cstackBANK0  0000
__HcstackCOMMON              cstackCOMMON 0000
__Heeprom_data               eeprom_data  0000
__Hend_init                  end_init     0013
__Hfunctab                   functab      0000
__Hidloc                     idloc        0000
__Hinit                      init         0011
__Hintentry                  intentry     0011
__Hmaintext                  maintext     0000
__Hpowerup                   powerup      0000
__Hram                       ram          0000
__Hreset_vec                 reset_vec    0002
__Hsfr0                      sfr0         0000
__Hsfr1                      sfr1         0000
__Hsfr2                      sfr2         0000
__Hsfr3                      sfr3         0000
__Hstack                     stack        0000
__Hstrings                   strings      0000
__Htext                      text         0000
__Labs1                      abs1         0000
__Lbank0                     bank0        0000
__Lbank1                     bank1        0000
__Lbank2                     bank2        0000
__Lbank3                     bank3        0000
__Lcinit                     cinit        0013
__Lclrtext                   clrtext      0000
__Lcode                      code         0000
__Lcommon                    common       0000
__Lconfig                    config       2007
__LcstackBANK0               cstackBANK0  0000
__LcstackCOMMON              cstackCOMMON 0000
__Leeprom_data               eeprom_data  0000
__Lend_init                  end_init     0011
__Lfunctab                   functab      0000
__Lidloc                     idloc        0000
__Linit                      init         0011
__Lintentry                  intentry     0004
__Lmaintext                  maintext     0000
__Lpowerup                   powerup      0000
__Lram                       ram          0000
__Lreset_vec                 reset_vec    0000
__Lsfr0                      sfr0         0000
__Lsfr1                      sfr1         0000
__Lsfr2                      sfr2         0000
__Lsfr3                      sfr3         0000
__Lstack                     stack        0000
__Lstrings                   strings      0000
__Ltext                      text         0000
__S0                         (abs)        2008
__S1                         (abs)        007A
__S2                         (abs)        0000
__S3                         (abs)        0000
___int_sp                    stack        0000
___latbits                   (abs)        0001
___sp                        stack        0000
__end_of_ISR                 text5        0152
__end_of__initialization     cinit        0013
__end_of_delayms             text4        0117
__end_of_display             text2        015D
__end_of_indicateByteSent    text3        0083
__end_of_main                maintext     004E
__end_of_spi_w               text1        00EB
__end_ofi1_delayms           text7        013F
__end_ofi1_indicateByteSent  text6        00B8
__initialization             cinit        0013
__pcstackBANK0               cstackBANK0  0020
__pcstackCOMMON              cstackCOMMON 0070
__pintentry                  intentry     0004
__pmaintext                  maintext     0016
__ptext0                     text0        0000
__ptext1                     text1        00B8
__ptext2                     text2        0152
__ptext3                     text3        004E
__ptext4                     text4        00EB
__ptext5                     text5        013F
__ptext6                     text6        0083
__ptext7                     text7        0117
__size_of_ISR                (abs)        0000
__size_of_delayms            (abs)        0000
__size_of_display            (abs)        0000
__size_of_indicateByteSent   (abs)        0000
__size_of_main               (abs)        0000
__size_of_spi_w              (abs)        0000
__size_ofi1_delayms          (abs)        0000
__size_ofi1_indicateByteSent (abs)        0000
_delayms                     text4        00EB
_display                     text2        0152
_indicateByteSent            text3        004E
_main                        maintext     0016
_spi_w                       text1        00B8
btemp                        (abs)        007E
delayms@cycles               cstackBANK0  0024
delayms@ms                   cstackBANK0  0020
delayms@waitedms             cstackBANK0  0022
display@answer               cstackBANK0  0026
end_of_initialization        cinit        0013
i1_delayms                   text7        0117
i1_indicateByteSent          text6        0083
i1delayms@cycles             cstackCOMMON 0074
i1delayms@ms                 cstackCOMMON 0070
i1delayms@waitedms           cstackCOMMON 0072
interrupt_function           intentry     0004
intlevel0                    functab      0000
intlevel1                    functab      0000
intlevel2                    functab      0000
intlevel3                    functab      0000
intlevel4                    functab      0000
intlevel5                    functab      0000
ltemp                        (abs)        007E
ltemp0                       (abs)        007E
ltemp1                       (abs)        0082
ltemp2                       (abs)        0086
ltemp3                       (abs)        0080
main@answer                  cstackBANK0  002D
reset_vec                    reset_vec    0000
saved_w                      (abs)        007E
spi_w@byte1                  cstackBANK0  002A
spi_w@byte2                  cstackBANK0  002B
spi_w@data                   cstackBANK0  0026
spi_w@ret1                   cstackBANK0  0029
stackhi                      (abs)        0000
stacklo                      (abs)        0000
start                        init         0011
start_initialization         cinit        0013
ttemp                        (abs)        007E
ttemp0                       (abs)        007E
ttemp1                       (abs)        0081
ttemp2                       (abs)        0084
ttemp3                       (abs)        0087
ttemp4                       (abs)        007F
wtemp                        (abs)        007E
wtemp0                       (abs)        007E
wtemp1                       (abs)        0080
wtemp2                       (abs)        0082
wtemp3                       (abs)        0084
wtemp4                       (abs)        0086
wtemp5                       (abs)        0088
wtemp6                       (abs)        007F


FUNCTION INFORMATION:

 *************** function _main *****************
 Defined at:
		line 120 in file "main.c"
 Parameters:    Size  Location     Type
		None
 Auto vars:     Size  Location     Type
  answer          1   13[BANK0 ] unsigned char 
 Return value:  Size  Location     Type
		None               void
 Registers used:
		wreg, status,2, status,0, pclath, cstack
 Tracked objects:
		On entry : 
		On exit  : 
		Unchanged: 
 Data sizes:     COMMON   BANK0   BANK1   BANK2
      Params:         0       0       0       0
      Locals:         0       1       0       0
      Temps:          0       1       0       0
      Totals:         0       2       0       0
Total ram usage:        2 bytes
 Hardware stack levels required when called:    6
 This function calls:
		_display
		_spi_w
 This function is called by:
		Startup code after reset
 This function uses a non-reentrant model


 *************** function _spi_w *****************
 Defined at:
		line 76 in file "main.c"
 Parameters:    Size  Location     Type
  data            2    6[BANK0 ] unsigned int 
 Auto vars:     Size  Location     Type
  byte2           1   11[BANK0 ] unsigned char 
  byte1           1   10[BANK0 ] unsigned char 
  ret1            1    9[BANK0 ] unsigned char 
  ret2            1    0        unsigned char 
 Return value:  Size  Location     Type
                  1    wreg      unsigned char 
 Registers used:
		wreg, status,2, status,0, pclath, cstack
 Tracked objects:
		On entry : 
		On exit  : 
		Unchanged: 
 Data sizes:     COMMON   BANK0   BANK1   BANK2
      Params:         0       2       0       0
      Locals:         0       3       0       0
      Temps:          0       1       0       0
      Totals:         0       6       0       0
Total ram usage:        6 bytes
 Hardware stack levels used:    1
 Hardware stack levels required when called:    4
 This function calls:
		_delayms
 This function is called by:
		_main
 This function uses a non-reentrant model


 *************** function _display *****************
 Defined at:
		line 100 in file "main.c"
 Parameters:    Size  Location     Type
  answer          1    wreg     unsigned char 
 Auto vars:     Size  Location     Type
  answer          1    6[BANK0 ] unsigned char 
 Return value:  Size  Location     Type
		None               void
 Registers used:
		wreg, status,2, status,0, pclath, cstack
 Tracked objects:
		On entry : 
		On exit  : 
		Unchanged: 
 Data sizes:     COMMON   BANK0   BANK1   BANK2
      Params:         0       0       0       0
      Locals:         0       1       0       0
      Temps:          0       0       0       0
      Totals:         0       1       0       0
Total ram usage:        1 bytes
 Hardware stack levels used:    1
 Hardware stack levels required when called:    5
 This function calls:
		_indicateByteSent
 This function is called by:
		_main
 This function uses a non-reentrant model


 *************** function _indicateByteSent *****************
 Defined at:
		line 53 in file "main.c"
 Parameters:    Size  Location     Type
		None
 Auto vars:     Size  Location     Type
		None
 Return value:  Size  Location     Type
		None               void
 Registers used:
		wreg, status,2, status,0, pclath, cstack
 Tracked objects:
		On entry : 
		On exit  : 
		Unchanged: 
 Data sizes:     COMMON   BANK0   BANK1   BANK2
      Params:         0       0       0       0
      Locals:         0       0       0       0
      Temps:          0       0       0       0
      Totals:         0       0       0       0
Total ram usage:        0 bytes
 Hardware stack levels used:    1
 Hardware stack levels required when called:    4
 This function calls:
		_delayms
 This function is called by:
		_display
 This function uses a non-reentrant model


 *************** function _delayms *****************
 Defined at:
		line 42 in file "main.c"
 Parameters:    Size  Location     Type
  ms              2    0[BANK0 ] unsigned int 
 Auto vars:     Size  Location     Type
  cycles          2    4[BANK0 ] unsigned int 
  waitedms        2    2[BANK0 ] unsigned int 
 Return value:  Size  Location     Type
		None               void
 Registers used:
		wreg, status,2
 Tracked objects:
		On entry : 
		On exit  : 
		Unchanged: 
 Data sizes:     COMMON   BANK0   BANK1   BANK2
      Params:         0       2       0       0
      Locals:         0       4       0       0
      Temps:          0       0       0       0
      Totals:         0       6       0       0
Total ram usage:        6 bytes
 Hardware stack levels used:    1
 Hardware stack levels required when called:    3
 This function calls:
		Nothing
 This function is called by:
		_indicateByteSent
		_spi_w
 This function uses a non-reentrant model


 *************** function _ISR *****************
 Defined at:
		line 68 in file "main.c"
 Parameters:    Size  Location     Type
		None
 Auto vars:     Size  Location     Type
		None
 Return value:  Size  Location     Type
		None               void
 Registers used:
		wreg, status,2, status,0, pclath, cstack
 Tracked objects:
		On entry : 
		On exit  : 
		Unchanged: 
 Data sizes:     COMMON   BANK0   BANK1   BANK2
      Params:         0       0       0       0
      Locals:         0       0       0       0
      Temps:          4       0       0       0
      Totals:         4       0       0       0
Total ram usage:        4 bytes
 Hardware stack levels used:    1
 Hardware stack levels required when called:    2
 This function calls:
		i1_indicateByteSent
 This function is called by:
		Interrupt level 1
 This function uses a non-reentrant model


 *************** function i1_indicateByteSent *****************
 Defined at:
		line 53 in file "main.c"
 Parameters:    Size  Location     Type
		None
 Auto vars:     Size  Location     Type
		None
 Return value:  Size  Location     Type
		None               void
 Registers used:
		wreg, status,2, status,0, pclath, cstack
 Tracked objects:
		On entry : 
		On exit  : 
		Unchanged: 
 Data sizes:     COMMON   BANK0   BANK1   BANK2
      Params:         0       0       0       0
      Locals:         0       0       0       0
      Temps:          0       0       0       0
      Totals:         0       0       0       0
Total ram usage:        0 bytes
 Hardware stack levels used:    1
 Hardware stack levels required when called:    1
 This function calls:
		i1_delayms
 This function is called by:
		_ISR
 This function uses a non-reentrant model


 *************** function i1_delayms *****************
 Defined at:
		line 42 in file "main.c"
 Parameters:    Size  Location     Type
  ms              2    0[COMMON] unsigned int 
 Auto vars:     Size  Location     Type
  delayms         2    4[COMMON] unsigned int 
  delayms         2    2[COMMON] unsigned int 
 Return value:  Size  Location     Type
		None               void
 Registers used:
		wreg, status,2
 Tracked objects:
		On entry : 
		On exit  : 
		Unchanged: 
 Data sizes:     COMMON   BANK0   BANK1   BANK2
      Params:         2       0       0       0
      Locals:         4       0       0       0
      Temps:          0       0       0       0
      Totals:         6       0       0       0
Total ram usage:        6 bytes
 Hardware stack levels used:    1
 This function calls:
		Nothing
 This function is called by:
		i1_indicateByteSent
 This function uses a non-reentrant model



MODULE INFORMATION

Module		Function		Class		Link	Load	Size
shared
		__initializatio		CODE           	0013	0000	0
		i1_indicateByte		CODE           	0083	0000	53
		i1_delayms     		CODE           	0117	0000	40

shared estimated size: 93

main.c
		_ISR           		CODE           	013F	0000	19
		_display       		CODE           	0152	0000	11
		_indicateByteSe		CODE           	004E	0000	53
		_main          		CODE           	0016	0000	56
		_delayms       		CODE           	00EB	0000	44
		_spi_w         		CODE           	00B8	0000	51

main.c estimated size: 234

