Microchip MPLAB XC8 Compiler V1.31 ()

Linker command line:

--edf=/Applications/microchip/xc8/v1.31/dat/en_msgs.txt -cs \
  -h+dist/HT_PIC16F54/production/SPI_Relais_Driver.X.production.sym \
  --cmf=dist/HT_PIC16F54/production/SPI_Relais_Driver.X.production.cmf -z \
  -Q16F690 -o/tmp/cgtOtM8Ii \
  -Mdist/HT_PIC16F54/production/SPI_Relais_Driver.X.production.map -E1 \
  -ver=XC8 -ASTACK=020h-06fh -pstack=STACK -ACONST=00h-0FFhx16 \
  -ACODE=00h-07FFhx2 -ASTRCODE=00h-0FFFh -AENTRY=00h-0FFhx16 \
  -ASTRING=00h-0FFhx16 -ACOMMON=070h-07Fh -ABANK0=020h-06Fh \
  -ABANK1=0A0h-0EFh -ABANK2=0120h-016Fh \
  -ARAM=020h-06Fh,0A0h-0EFh,0120h-016Fh \
  -AABS1=020h-07Fh,0A0h-0EFh,0120h-016Fh -ASFR0=00h-01Fh -ASFR1=080h-09Fh \
  -ASFR2=0100h-011Fh -ASFR3=0180h-01EFh \
  -preset_vec=00h,intentry=04h,init,end_init -ppowerup=CODE -pcinit=CODE \
  -pfunctab=CODE -ACONFIG=02007h-02007h -pconfig=CONFIG -DCONFIG=2 \
  -AIDLOC=02000h-02003h -pidloc=IDLOC -DIDLOC=2 -AEEDATA=00h-0FFh/02100h \
  -peeprom_data=EEDATA -DEEDATA=2 -DCODE=2 -DSTRCODE=2 -DSTRING=2 -DCONST=2 \
  -DENTRY=2 -k /tmp/cgtrRQlCz.obj \
  dist/HT_PIC16F54/production/SPI_Relais_Driver.X.production.obj 

Object code version is 3.11

Machine type is 16F690



                Name                               Link     Load   Length Selector   Space Scale
/tmp/cgtrRQlCz.obj
                end_init                             11       11        2        8       0
                reset_vec                             0        0        2        0       0
dist/HT_PIC16F54/production/SPI_Relais_Driver.X.production.obj
                cinit                                13       13        3        8       0
                intentry                              4        4        D        8       0
                text3                                16       16        B        8       0
                text2                                29       29        1        8       0
                text1                                28       28        1        8       0
                maintext                             21       21        7        8       0
                cstackCOMMON                         70       70        4       70       1

TOTAL           Name                               Link     Load   Length     Space
        CLASS   STACK          

        CLASS   CONST          

        CLASS   CODE           
                end_init                             11       11        2         0
                cinit                                13       13        3         0
                intentry                              4        4        D         0
                reset_vec                             0        0        2         0
                text3                                16       16        B         0
                text2                                29       29        1         0
                text1                                28       28        1         0
                maintext                             21       21        7         0

        CLASS   STRCODE        

        CLASS   ENTRY          

        CLASS   STRING         

        CLASS   COMMON         
                cstackCOMMON                         70       70        4         1

        CLASS   BANK0          

        CLASS   BANK1          

        CLASS   BANK2          

        CLASS   RAM            

        CLASS   ABS1           
                abs_s1                               7E       7E        2         1

        CLASS   SFR0           

        CLASS   SFR1           

        CLASS   SFR2           

        CLASS   SFR3           

        CLASS   CONFIG         

        CLASS   IDLOC          

        CLASS   EEDATA         

        CLASS   BANK3          



SEGMENTS        Name                           Load    Length   Top    Selector   Space  Class     Delta

                reset_vec                      000000  000002  000002         0       0  CODE        2
                intentry                       000004  000026  00002A         8       0  CODE        2
                cstackCOMMON                   000070  000004  000074        70       1  COMMON      1


UNUSED ADDRESS RANGES

        Name                Unused          Largest block    Delta
        BANK0            20-6F           50           1
        BANK1            A0-EF           50           1
        BANK2            120-16F           50           1
        CODE             02-03            2           2
                         2A-FFF          7D6
        COMMON           74-7D            A           1
        CONFIG           2007-2007            1           2
        CONST            02-03            2           2
                         2A-FFF          100
        EEDATA           2100-21FF          100           2
        ENTRY            02-03            2           2
                         2A-FFF          100
        IDLOC            2000-2003            4           2
        RAM              20-6F           50           1
                         A0-EF           50
                         120-16F           50
        SFR0             00-1F           20           1
        SFR1             80-9F           20           1
        SFR2             100-11F           20           1
        SFR3             180-1EF           70           1
        STACK            20-6F           50           1
        STRCODE          02-03            2           2
                         2A-FFF          FD6
        STRING           02-03            2           2
                         2A-FFF          100

                                  Symbol Table

_ConfigureOscillator          text2        29
_InitApp                      text1        28
__Habs1                       abs1         00
__Hbank0                      bank0        00
__Hbank1                      bank1        00
__Hbank2                      bank2        00
__Hbank3                      bank3        00
__Hcinit                      cinit        16
__Hclrtext                    clrtext      00
__Hcode                       code         00
__Hcommon                     common       00
__Hconfig                     config       00
__HcstackCOMMON               cstackCOMMON 00
__Heeprom_data                eeprom_data  00
__Hend_init                   end_init     13
__Hfunctab                    functab      00
__Hidloc                      idloc        00
__Hinit                       init         11
__Hintentry                   intentry     11
__Hmaintext                   maintext     00
__Hpowerup                    powerup      00
__Hram                        ram          00
__Hreset_vec                  reset_vec    02
__Hsfr0                       sfr0         00
__Hsfr1                       sfr1         00
__Hsfr2                       sfr2         00
__Hsfr3                       sfr3         00
__Hstack                      stack        00
__Hstrings                    strings      00
__Htext                       text         00
__Labs1                       abs1         00
__Lbank0                      bank0        00
__Lbank1                      bank1        00
__Lbank2                      bank2        00
__Lbank3                      bank3        00
__Lcinit                      cinit        13
__Lclrtext                    clrtext      00
__Lcode                       code         00
__Lcommon                     common       00
__Lconfig                     config       00
__LcstackCOMMON               cstackCOMMON 00
__Leeprom_data                eeprom_data  00
__Lend_init                   end_init     11
__Lfunctab                    functab      00
__Lidloc                      idloc        00
__Linit                       init         11
__Lintentry                   intentry     04
__Lmaintext                   maintext     00
__Lpowerup                    powerup      00
__Lram                        ram          00
__Lreset_vec                  reset_vec    00
__Lsfr0                       sfr0         00
__Lsfr1                       sfr1         00
__Lsfr2                       sfr2         00
__Lsfr3                       sfr3         00
__Lstack                      stack        00
__Lstrings                    strings      00
__Ltext                       text         00
__S0                          (abs)        2A
__S1                          (abs)        74
__S2                          (abs)        00
__S3                          (abs)        00
___int_sp                     stack        00
___latbits                    (abs)        01
___sp                         stack        00
__end_of_ConfigureOscillator  text2        2A
__end_of_InitApp              text1        29
__end_of__initialization      cinit        13
__end_of_isr                  text3        21
__end_of_main                 maintext     28
__initialization              cinit        13
__pcstackCOMMON               cstackCOMMON 70
__pintentry                   intentry     04
__pmaintext                   maintext     21
__ptext0                      text0        00
__ptext1                      text1        28
__ptext2                      text2        29
__ptext3                      text3        16
__size_of_ConfigureOscillator (abs)        00
__size_of_InitApp             (abs)        00
__size_of_isr                 (abs)        00
__size_of_main                (abs)        00
_isr                          text3        16
_main                         maintext     21
btemp                         (abs)        7E
end_of_initialization         cinit        13
interrupt_function            intentry     04
intlevel0                     functab      00
intlevel1                     functab      00
intlevel2                     functab      00
intlevel3                     functab      00
intlevel4                     functab      00
intlevel5                     functab      00
ltemp                         (abs)        7E
ltemp0                        (abs)        7E
ltemp1                        (abs)        82
ltemp2                        (abs)        86
ltemp3                        (abs)        80
reset_vec                     reset_vec    00
saved_w                       (abs)        7E
stackhi                       (abs)        00
stacklo                       (abs)        00
start                         init         11
start_initialization          cinit        13
ttemp                         (abs)        7E
ttemp0                        (abs)        7E
ttemp1                        (abs)        81
ttemp2                        (abs)        84
ttemp3                        (abs)        87
ttemp4                        (abs)        7F
wtemp                         (abs)        7E
wtemp0                        (abs)        7E
wtemp1                        (abs)        80
wtemp2                        (abs)        82
wtemp3                        (abs)        84
wtemp4                        (abs)        86
wtemp5                        (abs)        88
wtemp6                        (abs)        7F


FUNCTION INFORMATION:

 *************** function _main *****************
 Defined at:
		line 26 in file "main.c"
 Parameters:    Size  Location     Type
		None
 Auto vars:     Size  Location     Type
		None
 Return value:  Size  Location     Type
		None               void
 Registers used:
		status,2, status,0, pclath, cstack
 Tracked objects:
		On entry : 
		On exit  : 
		Unchanged: 
 Data sizes:     COMMON   BANK0   BANK1   BANK2
      Params:         0       0       0       0
      Locals:         0       0       0       0
      Temps:          0       0       0       0
      Totals:         0       0       0       0
Total ram usage:        0 bytes
 Hardware stack levels required when called:    2
 This function calls:
		_ConfigureOscillator
		_InitApp
 This function is called by:
		Startup code after reset
 This function uses a non-reentrant model


 *************** function _InitApp *****************
 Defined at:
		line 22 in file "user.c"
 Parameters:    Size  Location     Type
		None
 Auto vars:     Size  Location     Type
		None
 Return value:  Size  Location     Type
		None               void
 Registers used:
		None
 Tracked objects:
		On entry : 
		On exit  : 
		Unchanged: 
 Data sizes:     COMMON   BANK0   BANK1   BANK2
      Params:         0       0       0       0
      Locals:         0       0       0       0
      Temps:          0       0       0       0
      Totals:         0       0       0       0
Total ram usage:        0 bytes
 Hardware stack levels used:    1
 Hardware stack levels required when called:    1
 This function calls:
		Nothing
 This function is called by:
		_main
 This function uses a non-reentrant model


 *************** function _ConfigureOscillator *****************
 Defined at:
		line 18 in file "system.c"
 Parameters:    Size  Location     Type
		None
 Auto vars:     Size  Location     Type
		None
 Return value:  Size  Location     Type
		None               void
 Registers used:
		None
 Tracked objects:
		On entry : 
		On exit  : 
		Unchanged: 
 Data sizes:     COMMON   BANK0   BANK1   BANK2
      Params:         0       0       0       0
      Locals:         0       0       0       0
      Temps:          0       0       0       0
      Totals:         0       0       0       0
Total ram usage:        0 bytes
 Hardware stack levels used:    1
 Hardware stack levels required when called:    1
 This function calls:
		Nothing
 This function is called by:
		_main
 This function uses a non-reentrant model


 *************** function _isr *****************
 Defined at:
		line 23 in file "interrupts.c"
 Parameters:    Size  Location     Type
		None
 Auto vars:     Size  Location     Type
		None
 Return value:  Size  Location     Type
		None               void
 Registers used:
		None
 Tracked objects:
		On entry : 
		On exit  : 
		Unchanged: 
 Data sizes:     COMMON   BANK0   BANK1   BANK2
      Params:         0       0       0       0
      Locals:         0       0       0       0
      Temps:          4       0       0       0
      Totals:         4       0       0       0
Total ram usage:        4 bytes
 Hardware stack levels used:    1
 This function calls:
		Nothing
 This function is called by:
		Interrupt level 1
 This function uses a non-reentrant model



MODULE INFORMATION

Module		Function		Class		Link	Load	Size
shared
		__initializatio		CODE           	0013	0000	0

shared estimated size: 0

main.c
		_main          		CODE           	0021	0000	7

main.c estimated size: 7

system.c
		_ConfigureOscil		CODE           	0029	0000	1

system.c estimated size: 1

interrupts.c
		_isr           		CODE           	0016	0000	11

interrupts.c estimated size: 11

user.c
		_InitApp       		CODE           	0028	0000	1

user.c estimated size: 1

