Microchip MPLAB XC8 Compiler V1.31 ()

Linker command line:

--edf=/Applications/microchip/xc8/v1.31/dat/en_msgs.txt -cs \
  -h+dist/OnChip/production/SPI_Relais_Driver.X.production.sym \
  --cmf=dist/OnChip/production/SPI_Relais_Driver.X.production.cmf -z \
  -Q16F690 -o/tmp/cgtmudWo7 \
  -Mdist/OnChip/production/SPI_Relais_Driver.X.production.map -E1 -ver=XC8 \
  -ASTACK=0A0h-0efh -pstack=STACK -ACONST=00h-0FFhx16 -ACODE=00h-07FFhx2 \
  -ASTRCODE=00h-0FFFh -AENTRY=00h-0FFhx16 -ASTRING=00h-0FFhx16 \
  -ACOMMON=070h-07Fh -ABANK0=020h-06Fh -ABANK1=0A0h-0EFh \
  -ABANK2=0120h-016Fh -ARAM=020h-06Fh,0A0h-0EFh,0120h-016Fh \
  -AABS1=020h-07Fh,0A0h-0EFh,0120h-016Fh -ASFR0=00h-01Fh -ASFR1=080h-09Fh \
  -ASFR2=0100h-011Fh -ASFR3=0180h-01EFh \
  -preset_vec=00h,intentry=04h,init,end_init -ppowerup=CODE -pcinit=CODE \
  -pfunctab=CODE -ACONFIG=02007h-02007h -pconfig=CONFIG -DCONFIG=2 \
  -AIDLOC=02000h-02003h -pidloc=IDLOC -DIDLOC=2 -AEEDATA=00h-0FFh/02100h \
  -peeprom_data=EEDATA -DEEDATA=2 -DCODE=2 -DSTRCODE=2 -DSTRING=2 -DCONST=2 \
  -DENTRY=2 -k /tmp/cgtIo9vwV.obj \
  dist/OnChip/production/SPI_Relais_Driver.X.production.obj 

Object code version is 3.11

Machine type is 16F690



                Name                               Link     Load   Length Selector   Space Scale
/tmp/cgtIo9vwV.obj
                end_init                             11       11        2        8       0
                reset_vec                             0        0        2        0       0
                config                             2007     2007        1     400E       0
dist/OnChip/production/SPI_Relais_Driver.X.production.obj
                cinit                                13       13       16        8       0
                intentry                              4        4        D        8       0
                text6                               249      249       28        8       0
                text5                               1A8      1A8       45        8       0
                text4                               10D      10D       56        8       0
                text3                               1ED      1ED       30        8       0
                text2                               21D      21D       2C        8       0
                text1                               163      163       45        8       0
                maintext                             29       29       E4        8       0
                cstackBANK0                          20       20       20       20       1
                cstackCOMMON                         70       70        C       70       1
                inittext                            281      281       10        8       0
                dataBANK0                            40       40       10       20       1
                bssBANK0                             50       50        8       20       1
                idataBANK0                          271      271       10        8       0

TOTAL           Name                               Link     Load   Length     Space
        CLASS   STACK          

        CLASS   CONST          

        CLASS   CODE           
                end_init                             11       11        2         0
                cinit                                13       13       16         0
                intentry                              4        4        D         0
                reset_vec                             0        0        2         0
                text6                               249      249       28         0
                text5                               1A8      1A8       45         0
                text4                               10D      10D       56         0
                text3                               1ED      1ED       30         0
                text2                               21D      21D       2C         0
                text1                               163      163       45         0
                maintext                             29       29       E4         0
                inittext                            281      281       10         0
                idataBANK0                          271      271       10         0

        CLASS   STRCODE        

        CLASS   ENTRY          

        CLASS   STRING         

        CLASS   COMMON         
                cstackCOMMON                         70       70        C         1

        CLASS   BANK0          
                cstackBANK0                          20       20       20         1
                dataBANK0                            40       40       10         1
                bssBANK0                             50       50        8         1

        CLASS   BANK1          

        CLASS   BANK2          

        CLASS   RAM            

        CLASS   ABS1           
                abs_s1                               7E       7E        2         1

        CLASS   SFR0           

        CLASS   SFR1           

        CLASS   SFR2           

        CLASS   SFR3           

        CLASS   CONFIG         
                config                             2007     2007        1         0

        CLASS   IDLOC          

        CLASS   EEDATA         

        CLASS   BANK3          



SEGMENTS        Name                           Load    Length   Top    Selector   Space  Class     Delta

                reset_vec                      000000  000002  000002         0       0  CODE        2
                intentry                       000004  00028D  000291         8       0  CODE        2
                cstackBANK0                    000020  000038  000058        20       1  BANK0       1
                cstackCOMMON                   000070  00000C  00007C        70       1  COMMON      1
                config                         002007  000001  002008      400E       0  CONFIG      2


UNUSED ADDRESS RANGES

        Name                Unused          Largest block    Delta
        BANK0            0058-006F             18           1
        BANK1            00A0-00EF             50           1
        BANK2            0120-016F             50           1
        CODE             0002-0003              2           2
                         0291-0FFF            56F
        COMMON           007C-007D              2           1
        CONST            0002-0003              2           2
                         0291-0FFF            100
        EEDATA           2100-21FF            100           2
        ENTRY            0002-0003              2           2
                         0291-0FFF            100
        IDLOC            2000-2003              4           2
        RAM              0058-006F             18           1
                         00A0-00EF             50
                         0120-016F             50
        SFR0             0000-001F             20           1
        SFR1             0080-009F             20           1
        SFR2             0100-011F             20           1
        SFR3             0180-01EF             70           1
        STACK            00A0-00EF             50           1
        STRCODE          0002-0003              2           2
                         0291-0FFF            D6F
        STRING           0002-0003              2           2
                         0291-0FFF            100

                                  Symbol Table

?_spi_w                  cstackBANK0  0033
?i1_spi_w                cstackCOMMON 0076
ISR@data1                cstackBANK0  002B
ISR@status               cstackBANK0  0029
_ANSEL                   (abs)        011E
_ANSELH                  (abs)        011F
_GIE                     (abs)        005F
_INTEDG                  (abs)        040E
_IOCA2                   (abs)        04B2
_ISR                     text4        010D
_RABIE                   (abs)        005B
_RABIF                   (abs)        0058
_RC0                     (abs)        0038
_RC1                     (abs)        0039
_RC2                     (abs)        003A
_SSPBUF                  (abs)        0013
_SSPCON                  (abs)        0014
_SSPEN                   (abs)        00A5
_SSPSTAT                 (abs)        0094
_SSPSTATbits             (abs)        0094
_TRISAbits               (abs)        0085
_TRISBbits               (abs)        0086
_TRISCbits               (abs)        0087
__CFG_BOREN$ON           (abs)        0000
__CFG_CP$OFF             (abs)        0000
__CFG_CPD$OFF            (abs)        0000
__CFG_FCMEN$ON           (abs)        0000
__CFG_FOSC$EXTRCCLK      (abs)        0000
__CFG_IESO$ON            (abs)        0000
__CFG_MCLRE$ON           (abs)        0000
__CFG_PWRTE$OFF          (abs)        0000
__CFG_WDTE$OFF           (abs)        0000
__Habs1                  abs1         0000
__Hbank0                 bank0        0000
__Hbank1                 bank1        0000
__Hbank2                 bank2        0000
__Hbank3                 bank3        0000
__HbssBANK0              bssBANK0     0000
__Hcinit                 cinit        0029
__Hclrtext               clrtext      0000
__Hcode                  code         0000
__Hcommon                common       0000
__Hconfig                config       2008
__HcstackBANK0           cstackBANK0  0000
__HcstackCOMMON          cstackCOMMON 0000
__HdataBANK0             dataBANK0    0000
__Heeprom_data           eeprom_data  0000
__Hend_init              end_init     0013
__Hfunctab               functab      0000
__HidataBANK0            idataBANK0   0000
__Hidloc                 idloc        0000
__Hinit                  init         0011
__Hinittext              inittext     0000
__Hintentry              intentry     0011
__Hmaintext              maintext     0000
__Hpowerup               powerup      0000
__Hram                   ram          0000
__Hreset_vec             reset_vec    0002
__Hsfr0                  sfr0         0000
__Hsfr1                  sfr1         0000
__Hsfr2                  sfr2         0000
__Hsfr3                  sfr3         0000
__Hstack                 stack        0000
__Hstrings               strings      0000
__Htext                  text         0000
__Labs1                  abs1         0000
__Lbank0                 bank0        0000
__Lbank1                 bank1        0000
__Lbank2                 bank2        0000
__Lbank3                 bank3        0000
__LbssBANK0              bssBANK0     0000
__Lcinit                 cinit        0013
__Lclrtext               clrtext      0000
__Lcode                  code         0000
__Lcommon                common       0000
__Lconfig                config       2007
__LcstackBANK0           cstackBANK0  0000
__LcstackCOMMON          cstackCOMMON 0000
__LdataBANK0             dataBANK0    0000
__Leeprom_data           eeprom_data  0000
__Lend_init              end_init     0011
__Lfunctab               functab      0000
__LidataBANK0            idataBANK0   0000
__Lidloc                 idloc        0000
__Linit                  init         0011
__Linittext              inittext     0000
__Lintentry              intentry     0004
__Lmaintext              maintext     0000
__Lpowerup               powerup      0000
__Lram                   ram          0000
__Lreset_vec             reset_vec    0000
__Lsfr0                  sfr0         0000
__Lsfr1                  sfr1         0000
__Lsfr2                  sfr2         0000
__Lsfr3                  sfr3         0000
__Lstack                 stack        0000
__Lstrings               strings      0000
__Ltext                  text         0000
__S0                     (abs)        2008
__S1                     (abs)        007C
__S2                     (abs)        0000
__S3                     (abs)        0000
___int_sp                stack        0000
___latbits               (abs)        0001
___sp                    stack        0000
__end_of_ISR             text4        0163
__end_of__initialization cinit        0026
__end_of_delayms         text2        0249
__end_of_displayChar     text3        021D
__end_of_main            maintext     010D
__end_of_spi_w           text1        01A8
__end_ofi1_delayms       text6        0271
__end_ofi1_spi_w         text5        01ED
__initialization         cinit        0013
__pbssBANK0              bssBANK0     0050
__pcstackBANK0           cstackBANK0  0020
__pcstackCOMMON          cstackCOMMON 0070
__pdataBANK0             dataBANK0    0040
__pidataBANK0            idataBANK0   0271
__pintentry              intentry     0004
__pmaintext              maintext     0029
__ptext1                 text1        0163
__ptext2                 text2        021D
__ptext3                 text3        01ED
__ptext4                 text4        010D
__ptext5                 text5        01A8
__ptext6                 text6        0249
__size_of_ISR            (abs)        0000
__size_of_delayms        (abs)        0000
__size_of_displayChar    (abs)        0000
__size_of_main           (abs)        0000
__size_of_spi_w          (abs)        0000
__size_ofi1_delayms      (abs)        0000
__size_ofi1_spi_w        (abs)        0000
_characters              dataBANK0    0040
_delayms                 text2        021D
_displayChar             text3        01ED
_main                    maintext     0029
_maxbytes                bssBANK0     0056
_ringbuffer              bssBANK0     0050
_ringbufferpos           bssBANK0     0057
_spi_w                   text1        0163
btemp                    (abs)        007E
delayms@cycles           cstackBANK0  0031
delayms@ms               cstackBANK0  002D
delayms@waitedms         cstackBANK0  002F
displayChar@data         cstackBANK0  0031
displayChar@hnib         cstackBANK0  002F
displayChar@lnib         cstackBANK0  0030
end_of_initialization    cinit        0026
i1_delayms               text6        0249
i1_spi_w                 text5        01A8
i1delayms@cycles         cstackCOMMON 0074
i1delayms@ms             cstackCOMMON 0070
i1delayms@waitedms       cstackCOMMON 0072
i1spi_w@byte1            cstackBANK0  0022
i1spi_w@byte2            cstackBANK0  0023
i1spi_w@data             cstackCOMMON 0076
i1spi_w@ret1             cstackBANK0  0020
i1spi_w@ret2             cstackBANK0  0021
init_fetch0              inittext     0281
init_ram0                inittext     0285
interrupt_function       intentry     0004
intlevel0                functab      0000
intlevel1                functab      0000
intlevel2                functab      0000
intlevel3                functab      0000
intlevel4                functab      0000
intlevel5                functab      0000
ltemp                    (abs)        007E
ltemp0                   (abs)        007E
ltemp1                   (abs)        0082
ltemp2                   (abs)        0086
ltemp3                   (abs)        0080
main@answer              cstackBANK0  003E
main@i                   cstackBANK0  003F
reset_vec                reset_vec    0000
saved_w                  (abs)        007E
spi_w@byte1              cstackBANK0  003B
spi_w@byte2              cstackBANK0  003C
spi_w@data               cstackBANK0  0033
spi_w@ret1               cstackBANK0  0039
spi_w@ret2               cstackBANK0  003A
stackhi                  (abs)        0000
stacklo                  (abs)        0000
start                    init         0011
start_initialization     cinit        0013
ttemp                    (abs)        007E
ttemp0                   (abs)        007E
ttemp1                   (abs)        0081
ttemp2                   (abs)        0084
ttemp3                   (abs)        0087
ttemp4                   (abs)        007F
wtemp                    (abs)        007E
wtemp0                   (abs)        007E
wtemp1                   (abs)        0080
wtemp2                   (abs)        0082
wtemp3                   (abs)        0084
wtemp4                   (abs)        0086
wtemp5                   (abs)        0088
wtemp6                   (abs)        007F


FUNCTION INFORMATION:

 *************** function _main *****************
 Defined at:
		line 165 in file "main.c"
 Parameters:    Size  Location     Type
		None
 Auto vars:     Size  Location     Type
  i               1   31[BANK0 ] unsigned char 
  answer          1   30[BANK0 ] unsigned char 
 Return value:  Size  Location     Type
		None               void
 Registers used:
		wreg, fsr0l, fsr0h, status,2, status,0, btemp+1, pclath, cstack
 Tracked objects:
		On entry : 
		On exit  : 
		Unchanged: 
 Data sizes:     COMMON   BANK0   BANK1   BANK2
      Params:         0       0       0       0
      Locals:         0       2       0       0
      Temps:          0       1       0       0
      Totals:         0       3       0       0
Total ram usage:        3 bytes
 Hardware stack levels required when called:    5
 This function calls:
		_delayms
		_displayChar
		_spi_w
 This function is called by:
		Startup code after reset
 This function uses a non-reentrant model


 *************** function _spi_w *****************
 Defined at:
		line 89 in file "main.c"
 Parameters:    Size  Location     Type
  data            2   19[BANK0 ] unsigned int 
 Auto vars:     Size  Location     Type
  byte2           1   28[BANK0 ] unsigned char 
  byte1           1   27[BANK0 ] unsigned char 
  ret2            1   26[BANK0 ] unsigned char 
  ret1            1   25[BANK0 ] unsigned char 
 Return value:  Size  Location     Type
                  2   19[BANK0 ] unsigned int 
 Registers used:
		wreg, status,2, status,0, btemp+1, pclath, cstack
 Tracked objects:
		On entry : 
		On exit  : 
		Unchanged: 
 Data sizes:     COMMON   BANK0   BANK1   BANK2
      Params:         0       2       0       0
      Locals:         0       4       0       0
      Temps:          0       4       0       0
      Totals:         0      10       0       0
Total ram usage:       10 bytes
 Hardware stack levels used:    1
 Hardware stack levels required when called:    4
 This function calls:
		_delayms
 This function is called by:
		_main
 This function uses a non-reentrant model


 *************** function _delayms *****************
 Defined at:
		line 51 in file "main.c"
 Parameters:    Size  Location     Type
  ms              2   13[BANK0 ] unsigned int 
 Auto vars:     Size  Location     Type
  cycles          2   17[BANK0 ] unsigned int 
  waitedms        2   15[BANK0 ] unsigned int 
 Return value:  Size  Location     Type
		None               void
 Registers used:
		wreg, status,2
 Tracked objects:
		On entry : 
		On exit  : 
		Unchanged: 
 Data sizes:     COMMON   BANK0   BANK1   BANK2
      Params:         0       2       0       0
      Locals:         0       4       0       0
      Temps:          0       0       0       0
      Totals:         0       6       0       0
Total ram usage:        6 bytes
 Hardware stack levels used:    1
 Hardware stack levels required when called:    3
 This function calls:
		Nothing
 This function is called by:
		_spi_w
		_main
		_indicateByteSent
 This function uses a non-reentrant model


 *************** function _displayChar *****************
 Defined at:
		line 76 in file "main.c"
 Parameters:    Size  Location     Type
  data            1    wreg     unsigned char 
 Auto vars:     Size  Location     Type
  data            1   17[BANK0 ] unsigned char 
  lnib            1   16[BANK0 ] unsigned char 
  hnib            1   15[BANK0 ] unsigned char 
 Return value:  Size  Location     Type
		None               void
 Registers used:
		wreg, fsr0l, fsr0h, status,2, status,0
 Tracked objects:
		On entry : 
		On exit  : 
		Unchanged: 
 Data sizes:     COMMON   BANK0   BANK1   BANK2
      Params:         0       0       0       0
      Locals:         0       3       0       0
      Temps:          0       2       0       0
      Totals:         0       5       0       0
Total ram usage:        5 bytes
 Hardware stack levels used:    1
 Hardware stack levels required when called:    3
 This function calls:
		Nothing
 This function is called by:
		_main
 This function uses a non-reentrant model


 *************** function _ISR *****************
 Defined at:
		line 129 in file "main.c"
 Parameters:    Size  Location     Type
		None
 Auto vars:     Size  Location     Type
  data1           2   11[BANK0 ] unsigned int 
  status          2    9[BANK0 ] unsigned int 
 Return value:  Size  Location     Type
		None               void
 Registers used:
		wreg, fsr0l, fsr0h, status,2, status,0, btemp+1, pclath, cstack
 Tracked objects:
		On entry : 
		On exit  : 
		Unchanged: 
 Data sizes:     COMMON   BANK0   BANK1   BANK2
      Params:         0       0       0       0
      Locals:         0       4       0       0
      Temps:          0       5       0       0
      Totals:         0       9       0       0
Total ram usage:        9 bytes
 Hardware stack levels used:    1
 Hardware stack levels required when called:    2
 This function calls:
		i1_spi_w
 This function is called by:
		Interrupt level 1
 This function uses a non-reentrant model


 *************** function i1_spi_w *****************
 Defined at:
		line 89 in file "main.c"
 Parameters:    Size  Location     Type
  data            2    6[COMMON] unsigned int 
 Auto vars:     Size  Location     Type
  spi_w           1    3[BANK0 ] unsigned char 
  spi_w           1    2[BANK0 ] unsigned char 
  spi_w           1    1[BANK0 ] unsigned char 
  spi_w           1    0[BANK0 ] unsigned char 
 Return value:  Size  Location     Type
                  2    6[COMMON] unsigned int 
 Registers used:
		wreg, status,2, status,0, btemp+1, pclath, cstack
 Tracked objects:
		On entry : 
		On exit  : 
		Unchanged: 
 Data sizes:     COMMON   BANK0   BANK1   BANK2
      Params:         2       0       0       0
      Locals:         0       4       0       0
      Temps:          4       0       0       0
      Totals:         6       4       0       0
Total ram usage:       10 bytes
 Hardware stack levels used:    1
 Hardware stack levels required when called:    1
 This function calls:
		i1_delayms
 This function is called by:
		_ISR
 This function uses a non-reentrant model


 *************** function i1_delayms *****************
 Defined at:
		line 51 in file "main.c"
 Parameters:    Size  Location     Type
  ms              2    0[COMMON] unsigned int 
 Auto vars:     Size  Location     Type
  delayms         2    4[COMMON] unsigned int 
  delayms         2    2[COMMON] unsigned int 
 Return value:  Size  Location     Type
		None               void
 Registers used:
		wreg, status,2
 Tracked objects:
		On entry : 
		On exit  : 
		Unchanged: 
 Data sizes:     COMMON   BANK0   BANK1   BANK2
      Params:         2       0       0       0
      Locals:         4       0       0       0
      Temps:          0       0       0       0
      Totals:         6       0       0       0
Total ram usage:        6 bytes
 Hardware stack levels used:    1
 This function calls:
		Nothing
 This function is called by:
		i1_spi_w
 This function uses a non-reentrant model



MODULE INFORMATION

Module		Function		Class		Link	Load	Size
shared
		__initializatio		CODE           	0013	0000	19
		i1_delayms     		CODE           	0249	0000	40
		i1_spi_w       		CODE           	01A8	0000	69

shared estimated size: 128

main.c
		_ISR           		CODE           	010D	0000	86
		_displayChar   		CODE           	01ED	0000	48
		_main          		CODE           	0029	0000	228
		_delayms       		CODE           	021D	0000	44
		_spi_w         		CODE           	0163	0000	69

main.c estimated size: 475

