Microchip MPLAB XC8 Compiler V1.31 ()

Linker command line:

--edf=/Applications/microchip/xc8/v1.31/dat/en_msgs.txt -cs \
  -h+dist/XC8_PIC16F690/production/SPI_Relais_Driver.X.production.sym \
  --cmf=dist/XC8_PIC16F690/production/SPI_Relais_Driver.X.production.cmf -z \
  -Q16F690 -o/tmp/cgtVbkFr8 \
  -Mdist/XC8_PIC16F690/production/SPI_Relais_Driver.X.production.map -E1 \
  -ver=XC8 -ASTACK=020h-06fh -pstack=STACK -ACONST=00h-0FFhx16 \
  -ACODE=00h-07FFhx2 -ASTRCODE=00h-0FFFh -AENTRY=00h-0FFhx16 \
  -ASTRING=00h-0FFhx16 -ACOMMON=070h-07Fh -ABANK0=020h-06Fh \
  -ABANK1=0A0h-0EFh -ABANK2=0120h-016Fh \
  -ARAM=020h-06Fh,0A0h-0EFh,0120h-016Fh \
  -AABS1=020h-07Fh,0A0h-0EFh,0120h-016Fh -ASFR0=00h-01Fh -ASFR1=080h-09Fh \
  -ASFR2=0100h-011Fh -ASFR3=0180h-01EFh \
  -preset_vec=00h,intentry,init,end_init -ppowerup=CODE -pcinit=CODE \
  -pfunctab=CODE -ACONFIG=02007h-02007h -pconfig=CONFIG -DCONFIG=2 \
  -AIDLOC=02000h-02003h -pidloc=IDLOC -DIDLOC=2 -AEEDATA=00h-0FFh/02100h \
  -peeprom_data=EEDATA -DEEDATA=2 -DCODE=2 -DSTRCODE=2 -DSTRING=2 -DCONST=2 \
  -DENTRY=2 -k /tmp/cgtYfkHUT.obj \
  dist/XC8_PIC16F690/production/SPI_Relais_Driver.X.production.obj 

Object code version is 3.11

Machine type is 16F690



                Name                               Link     Load   Length Selector   Space Scale
/tmp/cgtYfkHUT.obj
                end_init                              0        0        2        0       0
                config                             2007     2007        1     400E       0
dist/XC8_PIC16F690/production/SPI_Relais_Driver.X.production.obj
                cinit                               7FD      7FD        3      FFA       0
                text3                               73B      73B       3B      E76       0
                text2                               776      776       40      EEC       0
                text1                               71A      71A       21      E34       0
                maintext                            7B6      7B6       47      F6C       0
                cstackCOMMON                         70       70        9       70       1

TOTAL           Name                               Link     Load   Length     Space
        CLASS   STACK          

        CLASS   CONST          

        CLASS   CODE           
                end_init                              0        0        2         0
                cinit                               7FD      7FD        3         0
                text3                               73B      73B       3B         0
                text2                               776      776       40         0
                text1                               71A      71A       21         0
                maintext                            7B6      7B6       47         0

        CLASS   STRCODE        

        CLASS   ENTRY          

        CLASS   STRING         

        CLASS   COMMON         
                cstackCOMMON                         70       70        9         1

        CLASS   BANK0          

        CLASS   BANK1          

        CLASS   BANK2          

        CLASS   RAM            

        CLASS   ABS1           
                abs_s1                               7E       7E        2         1

        CLASS   SFR0           

        CLASS   SFR1           

        CLASS   SFR2           

        CLASS   SFR3           

        CLASS   CONFIG         
                config                             2007     2007        1         0

        CLASS   IDLOC          

        CLASS   EEDATA         

        CLASS   BANK3          



SEGMENTS        Name                           Load    Length   Top    Selector   Space  Class     Delta

                reset_vec                      000000  000002  000002         0       0  CODE        2
                cstackCOMMON                   000070  000009  000079        70       1  COMMON      1
                text1                          00071A  000021  00073B       E34       0  CODE        2
                text3                          00073B  00003B  000776       E76       0  CODE        2
                text2                          000776  000040  0007B6       EEC       0  CODE        2
                maintext                       0007B6  000047  0007FD       F6C       0  CODE        2
                cinit                          0007FD  000003  000800       FFA       0  CODE        2
                config                         002007  000001  002008      400E       0  CONFIG      2


UNUSED ADDRESS RANGES

        Name                Unused          Largest block    Delta
        BANK0            0020-006F             50           1
        BANK1            00A0-00EF             50           1
        BANK2            0120-016F             50           1
        CODE             0002-0719            718           2
                         0800-0FFF            800
        COMMON           0079-007D              5           1
        CONST            0002-0719            100           2
                         0800-0FFF            100
        EEDATA           2100-21FF            100           2
        ENTRY            0002-0719            100           2
                         0800-0FFF            100
        IDLOC            2000-2003              4           2
        RAM              0020-006F             50           1
                         00A0-00EF             50
                         0120-016F             50
        SFR0             0000-001F             20           1
        SFR1             0080-009F             20           1
        SFR2             0100-011F             20           1
        SFR3             0180-01EF             70           1
        STACK            0020-006F             50           1
        STRCODE          0002-0719            718           2
                         0800-0FFF            800
        STRING           0002-0719            100           2
                         0800-0FFF            100

                                  Symbol Table

_ANSEL                     (abs)        011E
_RC1                       (abs)        0039
_RC6                       (abs)        003E
_SSPBUF                    (abs)        0013
_SSPCON                    (abs)        0014
_SSPEN                     (abs)        00A5
_SSPIF                     (abs)        0063
_SSPSTAT                   (abs)        0094
_TRISA                     (abs)        0085
_TRISB                     (abs)        0086
_TRISBbits                 (abs)        0086
_TRISC                     (abs)        0087
_TRISCbits                 (abs)        0087
__CFG_BOREN$ON             (abs)        0000
__CFG_CP$OFF               (abs)        0000
__CFG_CPD$OFF              (abs)        0000
__CFG_FCMEN$ON             (abs)        0000
__CFG_FOSC$EXTRCCLK        (abs)        0000
__CFG_IESO$ON              (abs)        0000
__CFG_MCLRE$ON             (abs)        0000
__CFG_PWRTE$OFF            (abs)        0000
__CFG_WDTE$OFF             (abs)        0000
__Habs1                    abs1         0000
__Hbank0                   bank0        0000
__Hbank1                   bank1        0000
__Hbank2                   bank2        0000
__Hbank3                   bank3        0000
__Hcinit                   cinit        0800
__Hclrtext                 clrtext      0000
__Hcode                    code         0000
__Hcommon                  common       0000
__Hconfig                  config       2008
__HcstackCOMMON            cstackCOMMON 0000
__Heeprom_data             eeprom_data  0000
__Hend_init                end_init     0002
__Hfunctab                 functab      0000
__Hidloc                   idloc        0000
__Hinit                    init         0000
__Hintentry                intentry     0000
__Hmaintext                maintext     0000
__Hpowerup                 powerup      0000
__Hram                     ram          0000
__Hreset_vec               reset_vec    0000
__Hsfr0                    sfr0         0000
__Hsfr1                    sfr1         0000
__Hsfr2                    sfr2         0000
__Hsfr3                    sfr3         0000
__Hstack                   stack        0000
__Hstrings                 strings      0000
__Htext                    text         0000
__Labs1                    abs1         0000
__Lbank0                   bank0        0000
__Lbank1                   bank1        0000
__Lbank2                   bank2        0000
__Lbank3                   bank3        0000
__Lcinit                   cinit        07FD
__Lclrtext                 clrtext      0000
__Lcode                    code         0000
__Lcommon                  common       0000
__Lconfig                  config       2007
__LcstackCOMMON            cstackCOMMON 0000
__Leeprom_data             eeprom_data  0000
__Lend_init                end_init     0000
__Lfunctab                 functab      0000
__Lidloc                   idloc        0000
__Linit                    init         0000
__Lintentry                intentry     0000
__Lmaintext                maintext     0000
__Lpowerup                 powerup      0000
__Lram                     ram          0000
__Lreset_vec               reset_vec    0000
__Lsfr0                    sfr0         0000
__Lsfr1                    sfr1         0000
__Lsfr2                    sfr2         0000
__Lsfr3                    sfr3         0000
__Lstack                   stack        0000
__Lstrings                 strings      0000
__Ltext                    text         0000
__S0                       (abs)        2008
__S1                       (abs)        0079
__S2                       (abs)        0000
__S3                       (abs)        0000
___int_sp                  stack        0000
___latbits                 (abs)        0001
___sp                      stack        0000
__end_of__initialization   cinit        07FD
__end_of_display           text3        0776
__end_of_indicateByteSent  text2        07B6
__end_of_main              maintext     07FD
__end_of_spi_w             text1        073B
__initialization           cinit        07FD
__pcstackCOMMON            cstackCOMMON 0070
__pmaintext                maintext     07B6
__ptext0                   text0        0000
__ptext1                   text1        071A
__ptext2                   text2        0776
__ptext3                   text3        073B
__size_of_display          (abs)        0000
__size_of_indicateByteSent (abs)        0000
__size_of_main             (abs)        0000
__size_of_spi_w            (abs)        0000
_display                   text3        073B
_indicateByteSent          text2        0776
_main                      maintext     07B6
_spi_w                     text1        071A
btemp                      (abs)        007E
display@answer             cstackCOMMON 0073
display@n                  cstackCOMMON 0074
end_of_initialization      cinit        07FD
intlevel0                  functab      0000
intlevel1                  functab      0000
intlevel2                  functab      0000
intlevel3                  functab      0000
intlevel4                  functab      0000
intlevel5                  functab      0000
ltemp                      (abs)        007E
ltemp0                     (abs)        007E
ltemp1                     (abs)        0082
ltemp2                     (abs)        0086
ltemp3                     (abs)        0080
main@answer                cstackCOMMON 0078
reset_vec                  reset_vec    0000
spi_w@byte1                cstackCOMMON 0076
spi_w@byte2                cstackCOMMON 0077
spi_w@data                 cstackCOMMON 0072
spi_w@ret                  cstackCOMMON 0075
stackhi                    (abs)        0000
stacklo                    (abs)        0000
start                      init         0000
start_initialization       cinit        07FD
ttemp                      (abs)        007E
ttemp0                     (abs)        007E
ttemp1                     (abs)        0081
ttemp2                     (abs)        0084
ttemp3                     (abs)        0087
ttemp4                     (abs)        007F
wtemp                      (abs)        007E
wtemp0                     (abs)        007E
wtemp1                     (abs)        0080
wtemp2                     (abs)        0082
wtemp3                     (abs)        0084
wtemp4                     (abs)        0086
wtemp5                     (abs)        0088
wtemp6                     (abs)        007F


FUNCTION INFORMATION:

 *************** function _main *****************
 Defined at:
		line 89 in file "main.c"
 Parameters:    Size  Location     Type
		None
 Auto vars:     Size  Location     Type
  answer          1    8[COMMON] unsigned char 
 Return value:  Size  Location     Type
		None               void
 Registers used:
		wreg, status,2, status,0, pclath, cstack
 Tracked objects:
		On entry : 
		On exit  : 
		Unchanged: 
 Data sizes:     COMMON   BANK0   BANK1   BANK2
      Params:         0       0       0       0
      Locals:         1       0       0       0
      Temps:          0       0       0       0
      Totals:         1       0       0       0
Total ram usage:        1 bytes
 Hardware stack levels required when called:    2
 This function calls:
		_display
		_spi_w
 This function is called by:
		Startup code after reset
 This function uses a non-reentrant model


 *************** function _spi_w *****************
 Defined at:
		line 54 in file "main.c"
 Parameters:    Size  Location     Type
  data            2    2[COMMON] unsigned int 
 Auto vars:     Size  Location     Type
  byte2           1    7[COMMON] unsigned char 
  byte1           1    6[COMMON] unsigned char 
  ret             1    5[COMMON] unsigned char 
 Return value:  Size  Location     Type
                  1    wreg      unsigned char 
 Registers used:
		wreg, status,2, status,0, pclath, cstack
 Tracked objects:
		On entry : 
		On exit  : 
		Unchanged: 
 Data sizes:     COMMON   BANK0   BANK1   BANK2
      Params:         2       0       0       0
      Locals:         3       0       0       0
      Temps:          1       0       0       0
      Totals:         6       0       0       0
Total ram usage:        6 bytes
 Hardware stack levels used:    1
 Hardware stack levels required when called:    1
 This function calls:
		_indicateByteSent
 This function is called by:
		_main
 This function uses a non-reentrant model


 *************** function _indicateByteSent *****************
 Defined at:
		line 40 in file "main.c"
 Parameters:    Size  Location     Type
		None
 Auto vars:     Size  Location     Type
		None
 Return value:  Size  Location     Type
		None               void
 Registers used:
		wreg
 Tracked objects:
		On entry : 
		On exit  : 
		Unchanged: 
 Data sizes:     COMMON   BANK0   BANK1   BANK2
      Params:         0       0       0       0
      Locals:         0       0       0       0
      Temps:          2       0       0       0
      Totals:         2       0       0       0
Total ram usage:        2 bytes
 Hardware stack levels used:    1
 This function calls:
		Nothing
 This function is called by:
		_spi_w
 This function uses a non-reentrant model


 *************** function _display *****************
 Defined at:
		line 74 in file "main.c"
 Parameters:    Size  Location     Type
  answer          1    wreg     unsigned char 
 Auto vars:     Size  Location     Type
  answer          1    3[COMMON] unsigned char 
  n               1    4[COMMON] unsigned char 
 Return value:  Size  Location     Type
		None               void
 Registers used:
		wreg, status,2, status,0
 Tracked objects:
		On entry : 
		On exit  : 
		Unchanged: 
 Data sizes:     COMMON   BANK0   BANK1   BANK2
      Params:         0       0       0       0
      Locals:         2       0       0       0
      Temps:          3       0       0       0
      Totals:         5       0       0       0
Total ram usage:        5 bytes
 Hardware stack levels used:    1
 This function calls:
		Nothing
 This function is called by:
		_main
 This function uses a non-reentrant model



MODULE INFORMATION

Module		Function		Class		Link	Load	Size
shared
		__initializatio		CODE           	07FD	0000	0

shared estimated size: 0

main.c
		_display       		CODE           	073B	0000	59
		_indicateByteSe		CODE           	0776	0000	64
		_main          		CODE           	07B6	0000	71
		_spi_w         		CODE           	071A	0000	33

main.c estimated size: 227

